// Jest Snapshot v1, https://goo.gl/fbAQLP

exports[`Progress should render 1`] = `
<div
  className="makeStyles-container-1"
>
  <WithStyles(ForwardRef(CircularProgress))
    size={50}
    thickness={6}
  />
</div>
`;
