// Jest Snapshot v1, https://goo.gl/fbAQLP

exports[`NotFound should render 1`] = `
<Memo()
  text="Oops!  Sorry, the page you requested was not found! (404)"
/>
`;
