// Jest Snapshot v1, https://goo.gl/fbAQLP

exports[`Body should render 1`] = `
<div
  className="makeStyles-container-1"
>
  <Routes />
</div>
`;
