// Jest Snapshot v1, https://goo.gl/fbAQLP

exports[`Footer should render 1`] = `
<div
  className="makeStyles-footer-1"
>
  <WithStyles(ForwardRef(Typography))
    variant="body1"
  >
    <WithStyles(ForwardRef(Link))
      color="inherit"
      href="https://www.carbonite.com/"
      rel="noopener noreferrer"
      target="_blank"
    >
      Visit Carbonite!
    </WithStyles(ForwardRef(Link))>
  </WithStyles(ForwardRef(Typography))>
</div>
`;
